// Jest Snapshot v1, https://goo.gl/fbAQLP

exports[`matches snapshot 1`] = `
<div>
  <div
    class="MuiPaper-root MuiCard-root Message__Container-sc-12ihk2z-0 jCoPiM MuiPaper-elevation1 MuiPaper-rounded"
  >
    <div
      class="MuiCardContent-root Message__InnerContainer-sc-12ihk2z-1 kFTIMa"
    >
      <div
        class="Message__Content-sc-12ihk2z-2 kIKsiJ"
      >
        <div
          class="Message__Block-sc-12ihk2z-3 Message__StatusBlock-sc-12ihk2z-4 dncGYJ ipLlpv"
        >
          <div
            class=""
            title="Processing"
          >
            <div
              class="MuiCircularProgress-root MuiCircularProgress-colorPrimary MuiCircularProgress-indeterminate"
              role="progressbar"
              style="width: 40px; height: 40px;"
            >
              <svg
                class="MuiCircularProgress-svg"
                viewBox="22 22 44 44"
              >
                <circle
                  class="MuiCircularProgress-circle MuiCircularProgress-circleIndeterminate"
                  cx="44"
                  cy="44"
                  fill="none"
                  r="20.2"
                  stroke-width="3.6"
                />
              </svg>
            </div>
          </div>
          <i>
            Processing
          </i>
        </div>
        <div
          class="Message__Block-sc-12ihk2z-3 dncGYJ"
        >
          <h6
            class="MuiTypography-root MuiTypography-h6 MuiTypography-noWrap"
          >
            ExternalCorrelationId
          </h6>
          <span
            class="MuiTypography-root Message__ReceivedDate-sc-12ihk2z-5 fqafoZ MuiTypography-caption MuiTypography-noWrap"
          >
            Received: 
            <time
              aria-label="time"
            >
              01/05/2021 10:25:53
            </time>
          </span>
        </div>
        <h6
          class="MuiTypography-root Message__DaysAgo-sc-12ihk2z-6 ijFoKN MuiTypography-h6"
        >
          23 days old
        </h6>
        <div
          class="Message__Actions-sc-12ihk2z-7 dTgDfS"
        >
          <span
            class="MuiBadge-root"
          >
            <a
              aria-disabled="false"
              aria-label="view"
              class="MuiButtonBase-root MuiIconButton-root"
              href="/messages/test-uuid"
              tabindex="0"
              title="View events"
            >
              <span
                class="MuiIconButton-label"
              >
                <svg
                  aria-hidden="true"
                  class="svg-inline--fa fa-calendar-day "
                  data-icon="calendar-day"
                  data-prefix="fas"
                  focusable="false"
                  role="img"
                  style="width: 18px; height: 18px;"
                  viewBox="0 0 448 512"
                  xmlns="http://www.w3.org/2000/svg"
                >
                  <path
                    d="M160 32V64H288V32C288 14.33 302.3 0 320 0C337.7 0 352 14.33 352 32V64H400C426.5 64 448 85.49 448 112V160H0V112C0 85.49 21.49 64 48 64H96V32C96 14.33 110.3 0 128 0C145.7 0 160 14.33 160 32zM0 192H448V464C448 490.5 426.5 512 400 512H48C21.49 512 0 490.5 0 464V192zM80 256C71.16 256 64 263.2 64 272V368C64 376.8 71.16 384 80 384H176C184.8 384 192 376.8 192 368V272C192 263.2 184.8 256 176 256H80z"
                    fill="currentColor"
                  />
                </svg>
              </span>
              <span
                class="MuiTouchRipple-root"
              />
            </a>
            <span
              class="MuiBadge-badge MuiBadge-anchorOriginTopRightRectangle MuiBadge-colorSecondary MuiBadge-invisible"
            >
              0
            </span>
          </span>
        </div>
      </div>
    </div>
  </div>
</div>
`;
