// Jest Snapshot v1, https://goo.gl/fbAQLP

exports[`matches snapshot 1`] = `
<div>
  <div
    class="MuiPaper-root MuiCard-root Message__Container-sc-12ihk2z-0 jpkXTb MuiPaper-elevation1 MuiPaper-rounded"
  >
    <div
      class="MuiCardContent-root Message__InnerContainer-sc-12ihk2z-1 dVpOHV"
    >
      <div
        class="Message__Block-sc-12ihk2z-2 Message__StatusBlock-sc-12ihk2z-3 fqgSQH jTzRbr"
      >
        <div
          class=""
        >
          <svg
            aria-hidden="true"
            class="svg-inline--fa fa-exclamation-circle fa-w-16 ErrorIcon__ColoredIcon-sc-1n9o5bs-0 jMrgmb"
            data-icon="exclamation-circle"
            data-prefix="fas"
            focusable="false"
            role="img"
            viewBox="0 0 512 512"
            xmlns="http://www.w3.org/2000/svg"
          >
            <path
              d="M504 256c0 136.997-111.043 248-248 248S8 392.997 8 256C8 119.083 119.043 8 256 8s248 111.083 248 248zm-248 50c-25.405 0-46 20.595-46 46s20.595 46 46 46 46-20.595 46-46-20.595-46-46-46zm-43.673-165.346l7.418 136c.347 6.364 5.609 11.346 11.982 11.346h48.546c6.373 0 11.635-4.982 11.982-11.346l7.418-136c.375-6.874-5.098-12.654-11.982-12.654h-63.383c-6.884 0-12.356 5.78-11.981 12.654z"
              fill="currentColor"
            />
          </svg>
        </div>
      </div>
      <div
        class="Message__Block-sc-12ihk2z-2 fqgSQH"
      >
        <h6
          class="MuiTypography-root MuiTypography-h6 MuiTypography-noWrap"
        >
          ExternalCorrelationId
        </h6>
        <span
          class="MuiTypography-root Message__ReceivedDate-sc-12ihk2z-4 fgDTkH MuiTypography-caption MuiTypography-noWrap"
        >
          Received: 
          <time
            aria-label="time"
          >
            01/05/2021 10:25:53
          </time>
        </span>
      </div>
      <h6
        class="MuiTypography-root Message__DaysAgo-sc-12ihk2z-5 irzcVl MuiTypography-h6"
      >
        23 days old
      </h6>
      <div
        class="Message__Actions-sc-12ihk2z-6 gQqRjV"
      >
        <span
          class="MuiBadge-root"
        >
          <button
            class="MuiButtonBase-root MuiButton-root MuiButton-outlined"
            tabindex="0"
            type="button"
          >
            <span
              class="MuiButton-label"
            >
              <span
                class="MuiButton-startIcon MuiButton-iconSizeMedium"
              >
                <svg
                  aria-hidden="true"
                  class="svg-inline--fa fa-calendar-day fa-w-14 "
                  data-icon="calendar-day"
                  data-prefix="fas"
                  focusable="false"
                  role="img"
                  style="width: 18px; height: 18px;"
                  viewBox="0 0 448 512"
                  xmlns="http://www.w3.org/2000/svg"
                >
                  <path
                    d="M0 464c0 26.5 21.5 48 48 48h352c26.5 0 48-21.5 48-48V192H0v272zm64-192c0-8.8 7.2-16 16-16h96c8.8 0 16 7.2 16 16v96c0 8.8-7.2 16-16 16H80c-8.8 0-16-7.2-16-16v-96zM400 64h-48V16c0-8.8-7.2-16-16-16h-32c-8.8 0-16 7.2-16 16v48H160V16c0-8.8-7.2-16-16-16h-32c-8.8 0-16 7.2-16 16v48H48C21.5 64 0 85.5 0 112v48h448v-48c0-26.5-21.5-48-48-48z"
                    fill="currentColor"
                  />
                </svg>
              </span>
              View Events
            </span>
            <span
              class="MuiTouchRipple-root"
            />
          </button>
          <span
            class="MuiBadge-badge MuiBadge-anchorOriginTopRightRectangle MuiBadge-colorSecondary MuiBadge-invisible"
          >
            0
          </span>
        </span>
      </div>
    </div>
  </div>
</div>
`;
