// Jest Snapshot v1, https://goo.gl/fbAQLP

exports[`matches snapshot 1`] = `
<div>
  <div
    class="Message__Container-sc-12ihk2z-0 eqhdQT"
  >
    <div
      class="Message__InnerContainer-sc-12ihk2z-1 bJyMqO"
    >
      <div
        class="Message__Block-sc-12ihk2z-2 hEUOFb"
      >
        <div
          class="Message__CorrelationId-sc-12ihk2z-3 cencrW"
        >
          ExternalCorrelationId
        </div>
        <div
          class="Message__ReceivedDate-sc-12ihk2z-4 cRaotj"
        >
          Received: 
          <time
            aria-label="time"
          >
            01/05/2021 10:25:53
          </time>
        </div>
      </div>
      <div
        class="Message__Block-sc-12ihk2z-2 Message__DaysOld-sc-12ihk2z-5 hEUOFb gmpRMg"
      >
        20 days old
      </div>
    </div>
  </div>
</div>
`;
